[backblue.gif]
[fade.gif]
[index.html]
[eyes.nasa.gov/apps/asteroids/og_img.jpg]
[eyes.nasa.gov/apps/asteroids/apple-touch-icon.png]
[eyes.nasa.gov/apps/asteroids/favicon-32x32.png]
[eyes.nasa.gov/apps/asteroids/assets/images/splash_bennu.png]
[eyes.nasa.gov/apps/asteroids/assets/default/fonts/Metropolis-Light.woff]
[eyes.nasa.gov/apps/asteroids/assets/default/fonts/Metropolis-SemiBold.woff]
[eyes.nasa.gov/apps/asteroids/favicon-194x194.png]
[eyes.nasa.gov/apps/asteroids/android-chrome-192x192.png]
[eyes.nasa.gov/apps/asteroids/favicon-16x16.png]
[eyes.nasa.gov/apps/asteroids/site.webmanifest]
[eyes.nasa.gov/apps/asteroids/favicon.ico]
[eyes.nasa.gov/apps/asteroids/browserconfig.xml]
[dap.digitalgov.gov/Universal-Federated-Analytics-Mine232.js]
[eyes.nasa.gov/apps/asteroids/vendors.js]
[eyes.nasa.gov/apps/asteroids/config.js]
[eyes.nasa.gov/apps/asteroids/app.js]
[eyes.nasa.gov/apps/asteroids/index.html]
[eyes.nasa.gov/apps/asteroids/safari-pinned-tab.svg]
[eyes.nasa.gov/apps/asteroids/assets/default/svg/nasa_logo.svg]
[eyes.nasa.gov/apps/asteroids/vendors.css]
[eyes.nasa.gov/apps/asteroids/assets/default/cursor/1.png]
[eyes.nasa.gov/apps/asteroids/assets/default/cursor/2.png]
[eyes.nasa.gov/apps/asteroids/assets/default/cursor/3.png]
[eyes.nasa.gov/apps/asteroids/assets/default/cursor/4.png]
[eyes.nasa.gov/apps/asteroids/assets/default/cursor/5.png]
[eyes.nasa.gov/apps/asteroids/assets/default/cursor/6.png]
[eyes.nasa.gov/apps/asteroids/assets/default/cursor/7.png]
[eyes.nasa.gov/apps/asteroids/assets/default/cursor/8.png]
[eyes.nasa.gov/apps/asteroids/assets/default/cursor/9.png]
[eyes.nasa.gov/apps/asteroids/assets/default/cursor/10.png]
[eyes.nasa.gov/apps/asteroids/assets/default/cursor/11.png]
[eyes.nasa.gov/apps/asteroids/assets/default/cursor/12.png]
[eyes.nasa.gov/apps/asteroids/assets/default/fonts/Metropolis-Thin.woff]
[eyes.nasa.gov/apps/asteroids/assets/default/fonts/Inter-Light57a3.woff2]
[eyes.nasa.gov/apps/asteroids/assets/default/fonts/Inter-Light57a3.woff]
[eyes.nasa.gov/apps/asteroids/assets/default/fonts/Inter-Regular57a3.woff2]
[eyes.nasa.gov/apps/asteroids/assets/default/fonts/Inter-Regular57a3.woff]
[eyes.nasa.gov/apps/asteroids/assets/default/fonts/Inter-SemiBold57a3.woff2]
[eyes.nasa.gov/apps/asteroids/assets/default/fonts/Inter-SemiBold57a3.woff]
[eyes.nasa.gov/apps/asteroids/assets/default/fonts/Inter-Bold57a3.woff2]
[eyes.nasa.gov/apps/asteroids/assets/default/fonts/Inter-Bold57a3.woff]
[eyes.nasa.gov/apps/asteroids/assets/default/fonts/DMMono-Light.woff]
[eyes.nasa.gov/apps/asteroids/assets/default/fonts/DMMono-Regular.woff]
[eyes.nasa.gov/apps/asteroids/assets/default/fonts/DMMono-Medium.woff]
[eyes.nasa.gov/apps/asteroids/assets/fonts/Mamam.woff]
[eyes.nasa.gov/apps/asteroids/app.css]
[eyes.nasa.gov/apps/asteroids/assets/default/svg/cubemap.svg]
[eyes.nasa.gov/apps/asteroids/assets/default/svg/timeline_bg.svg]
[eyes.nasa.gov/apps/asteroids/assets/default/svg/sprite.svg]
[eyes.nasa.gov/apps/asteroids/assets/default/svg/crosshair.svg]
[eyes.nasa.gov/apps/asteroids/assets/default/svg/finger.svg]
[eyes.nasa.gov/apps/asteroids/assets/default/svg/share_arrow.svg]
[eyes.nasa.gov/apps/asteroids/assets/default/svg/help_icon.svg]
[eyes.nasa.gov/apps/asteroids/assets/default/svg/locked.svg]
[eyes.nasa.gov/apps/asteroids/assets/svg/circuit_brain.svg]
[eyes.nasa.gov/apps/asteroids/assets/svg/asteroid.svg]
[eyes.nasa.gov/apps/asteroids/assets/svg/comet.svg]
[eyes.nasa.gov/apps/asteroids/assets/svg/spacecraft.svg]
[eyes.nasa.gov/apps/asteroids/assets/svg/mobile_arrow.svg]
[eyes.nasa.gov/apps/asteroids/assets/svg/arrow_prev.svg]
[eyes.nasa.gov/apps/asteroids/assets/svg/arrow_next.svg]
[eyes.nasa.gov/apps/asteroids/assets/svg/rock.svg]
[eyes.nasa.gov/apps/asteroids/assets/svg/ruler.svg]
[eyes.nasa.gov/apps/asteroids/assets/svg/oumuamua.svg]
[eyes.nasa.gov/apps/asteroids/assets/default/svg/time_slider_lines.svg]
[eyes.nasa.gov/apps/asteroids/assets/svg/icon_clock.svg]
